../Core/Src/lcd.c:25:6:LCD_Init	16	static
../Core/Src/lcd.c:110:6:USER_TIM2_DELAY_15s	4	static
../Core/Src/lcd.c:132:6:USER_TIM2_DELAY_4_1ms	4	static
../Core/Src/lcd.c:153:6:USER_TIM2_DELAY_100us	4	static
../Core/Src/lcd.c:174:6:USER_TIM2_DELAY_50us	4	static
../Core/Src/lcd.c:196:6:LCD_Out_Data4	16	static
../Core/Src/lcd.c:219:6:LCD_Write_Byte	16	static
../Core/Src/lcd.c:230:6:LCD_Write_Cmd	16	static
../Core/Src/lcd.c:236:6:LCD_Put_Char	16	static
../Core/Src/lcd.c:242:6:LCD_Set_Cursor	24	static
../Core/Src/lcd.c:254:6:LCD_Put_Str	24	static
../Core/Src/lcd.c:260:6:LCD_Put_Num	40	static
../Core/Src/lcd.c:280:6:LCD_Busy	8	static
../Core/Src/lcd.c:329:6:LCD_Pulse_EN	8	static
../Core/Src/lcd.c:340:6:LCD_BarGraphic	24	static
../Core/Src/lcd.c:358:6:LCD_BarGraphicXY	32	static
